[gtfobins.github.io/index.html]
[backblue.gif]
[fade.gif]
[index.html]
[gtfobins.github.io/assets/logo.png]
[gtfobins.github.io/assets/style.css]
[gtfobins.github.io/index.html]
[buttons.github.io/buttons.js]
[gtfobins.github.io/assets/style.css]
[gtfobins.github.io/contribute/index.html]
[gtfobins.github.io/functions/index.html]
[gtfobins.github.io/functions/index.html]
[gtfobins.github.io/gtfobins/apt-get/index.html]
[gtfobins.github.io/gtfobins/ar/index.html]
[gtfobins.github.io/gtfobins/apt/index.html]
[gtfobins.github.io/contribute/index.html]
[gtfobins.github.io/gtfobins/aria2c/index.html]
[gtfobins.github.io/gtfobins/arp/index.html]
[gtfobins.github.io/gtfobins/apt-get/index.html]
[gtfobins.github.io/gtfobins/ash/index.html]
[gtfobins.github.io/gtfobins/at/index.html]
[gtfobins.github.io/gtfobins/atobm/index.html]
[gtfobins.github.io/gtfobins/apt/index.html]
[gtfobins.github.io/gtfobins/awk/index.html]
[gtfobins.github.io/gtfobins/base32/index.html]
[gtfobins.github.io/gtfobins/basenc/index.html]
[gtfobins.github.io/gtfobins/base64/index.html]
[gtfobins.github.io/gtfobins/ar/index.html]
[gtfobins.github.io/gtfobins/bash/index.html]
[gtfobins.github.io/gtfobins/bpftrace/index.html]
[gtfobins.github.io/gtfobins/bridge/index.html]
[gtfobins.github.io/gtfobins/bundler/index.html]
[gtfobins.github.io/gtfobins/aria2c/index.html]
[gtfobins.github.io/gtfobins/busctl/index.html]
[gtfobins.github.io/gtfobins/byebug/index.html]
[gtfobins.github.io/gtfobins/busybox/index.html]
[gtfobins.github.io/gtfobins/cancel/index.html]
[gtfobins.github.io/gtfobins/capsh/index.html]
[gtfobins.github.io/gtfobins/arp/index.html]
[gtfobins.github.io/gtfobins/cat/index.html]
[gtfobins.github.io/gtfobins/check_by_ssh/index.html]
[gtfobins.github.io/gtfobins/check_cups/index.html]
[gtfobins.github.io/gtfobins/check_log/index.html]
[gtfobins.github.io/gtfobins/ash/index.html]
[gtfobins.github.io/gtfobins/check_memory/index.html]
[gtfobins.github.io/gtfobins/check_raid/index.html]
[gtfobins.github.io/gtfobins/check_ssl_cert/index.html]
[gtfobins.github.io/gtfobins/check_statusfile/index.html]
[gtfobins.github.io/gtfobins/at/index.html]
[gtfobins.github.io/gtfobins/chmod/index.html]
[gtfobins.github.io/gtfobins/chown/index.html]
[gtfobins.github.io/gtfobins/chroot/index.html]
[gtfobins.github.io/gtfobins/cobc/index.html]
[gtfobins.github.io/gtfobins/atobm/index.html]
[gtfobins.github.io/gtfobins/column/index.html]
[gtfobins.github.io/gtfobins/comm/index.html]
[gtfobins.github.io/gtfobins/composer/index.html]
[gtfobins.github.io/gtfobins/cowsay/index.html]
[gtfobins.github.io/gtfobins/awk/index.html]
[gtfobins.github.io/gtfobins/cowthink/index.html]
[gtfobins.github.io/gtfobins/cp/index.html]
[gtfobins.github.io/gtfobins/cpan/index.html]
[gtfobins.github.io/gtfobins/base32/index.html]
[gtfobins.github.io/gtfobins/cpulimit/index.html]
[gtfobins.github.io/gtfobins/base64/index.html]
[gtfobins.github.io/gtfobins/crash/index.html]
[gtfobins.github.io/gtfobins/crontab/index.html]
[gtfobins.github.io/gtfobins/basenc/index.html]
[gtfobins.github.io/gtfobins/csh/index.html]
[gtfobins.github.io/gtfobins/bash/index.html]
[gtfobins.github.io/gtfobins/csplit/index.html]
[gtfobins.github.io/gtfobins/cupsfilter/index.html]
[gtfobins.github.io/gtfobins/curl/index.html]
[gtfobins.github.io/gtfobins/bpftrace/index.html]
[gtfobins.github.io/gtfobins/dash/index.html]
[gtfobins.github.io/gtfobins/cut/index.html]
[gtfobins.github.io/gtfobins/date/index.html]
[gtfobins.github.io/gtfobins/dd/index.html]
[gtfobins.github.io/gtfobins/bridge/index.html]
[gtfobins.github.io/gtfobins/dialog/index.html]
[gtfobins.github.io/gtfobins/diff/index.html]
[gtfobins.github.io/gtfobins/dig/index.html]
[gtfobins.github.io/gtfobins/bundler/index.html]
[gtfobins.github.io/gtfobins/dmesg/index.html]
[gtfobins.github.io/gtfobins/busctl/index.html]
[gtfobins.github.io/gtfobins/dmsetup/index.html]
[gtfobins.github.io/gtfobins/busybox/index.html]
[gtfobins.github.io/gtfobins/dnf/index.html]
[gtfobins.github.io/gtfobins/docker/index.html]
[gtfobins.github.io/gtfobins/byebug/index.html]
[gtfobins.github.io/gtfobins/dpkg/index.html]
[gtfobins.github.io/gtfobins/eb/index.html]
[gtfobins.github.io/gtfobins/easy_install/index.html]
[gtfobins.github.io/gtfobins/ed/index.html]
[gtfobins.github.io/gtfobins/emacs/index.html]
[gtfobins.github.io/gtfobins/env/index.html]
[gtfobins.github.io/gtfobins/cancel/index.html]
[gtfobins.github.io/gtfobins/eqn/index.html]
[gtfobins.github.io/gtfobins/exiftool/index.html]
[gtfobins.github.io/gtfobins/expand/index.html]
[gtfobins.github.io/gtfobins/ex/index.html]
[gtfobins.github.io/gtfobins/capsh/index.html]
[gtfobins.github.io/gtfobins/expect/index.html]
[gtfobins.github.io/gtfobins/facter/index.html]
[gtfobins.github.io/gtfobins/find/index.html]
[gtfobins.github.io/gtfobins/file/index.html]
[gtfobins.github.io/gtfobins/cat/index.html]
[gtfobins.github.io/gtfobins/finger/index.html]
[gtfobins.github.io/gtfobins/check_by_ssh/index.html]
[gtfobins.github.io/gtfobins/flock/index.html]
[gtfobins.github.io/gtfobins/fold/index.html]
[gtfobins.github.io/gtfobins/fmt/index.html]
[gtfobins.github.io/gtfobins/check_cups/index.html]
[gtfobins.github.io/gtfobins/ftp/index.html]
[gtfobins.github.io/gtfobins/check_log/index.html]
[gtfobins.github.io/gtfobins/gawk/index.html]
[gtfobins.github.io/gtfobins/check_memory/index.html]
[gtfobins.github.io/gtfobins/gcc/index.html]
[gtfobins.github.io/gtfobins/check_raid/index.html]
[gtfobins.github.io/gtfobins/gdb/index.html]
[gtfobins.github.io/gtfobins/gem/index.html]
[gtfobins.github.io/gtfobins/genisoimage/index.html]
[gtfobins.github.io/gtfobins/ghc/index.html]
[gtfobins.github.io/gtfobins/check_ssl_cert/index.html]
[gtfobins.github.io/gtfobins/ghci/index.html]
[gtfobins.github.io/gtfobins/gimp/index.html]
[gtfobins.github.io/gtfobins/grep/index.html]
[gtfobins.github.io/gtfobins/git/index.html]
[gtfobins.github.io/gtfobins/check_statusfile/index.html]
[gtfobins.github.io/gtfobins/chmod/index.html]
[gtfobins.github.io/gtfobins/gtester/index.html]
[gtfobins.github.io/gtfobins/chown/index.html]
[gtfobins.github.io/gtfobins/hd/index.html]
[gtfobins.github.io/gtfobins/head/index.html]
[gtfobins.github.io/gtfobins/hexdump/index.html]
[gtfobins.github.io/gtfobins/highlight/index.html]
[gtfobins.github.io/gtfobins/chroot/index.html]
[gtfobins.github.io/gtfobins/hping3/index.html]
[gtfobins.github.io/gtfobins/iconv/index.html]
[gtfobins.github.io/gtfobins/iftop/index.html]
[gtfobins.github.io/gtfobins/install/index.html]
[gtfobins.github.io/gtfobins/cobc/index.html]
[gtfobins.github.io/gtfobins/ionice/index.html]
[gtfobins.github.io/gtfobins/ip/index.html]
[gtfobins.github.io/gtfobins/irb/index.html]
[gtfobins.github.io/gtfobins/jjs/index.html]
[gtfobins.github.io/gtfobins/column/index.html]
[gtfobins.github.io/gtfobins/join/index.html]
[gtfobins.github.io/gtfobins/journalctl/index.html]
[gtfobins.github.io/gtfobins/jq/index.html]
[gtfobins.github.io/gtfobins/jrunscript/index.html]
[gtfobins.github.io/gtfobins/ksh/index.html]
[gtfobins.github.io/gtfobins/ksshell/index.html]
[gtfobins.github.io/gtfobins/ld.so/index.html]
[gtfobins.github.io/gtfobins/comm/index.html]
[gtfobins.github.io/gtfobins/ldconfig/index.html]
[gtfobins.github.io/gtfobins/composer/index.html]
[gtfobins.github.io/gtfobins/less/index.html]
[gtfobins.github.io/gtfobins/logsave/index.html]
[gtfobins.github.io/gtfobins/look/index.html]
[gtfobins.github.io/gtfobins/ltrace/index.html]
[gtfobins.github.io/gtfobins/lua/index.html]
[gtfobins.github.io/gtfobins/cowsay/index.html]
[gtfobins.github.io/gtfobins/cowthink/index.html]
[gtfobins.github.io/gtfobins/lwp-request/index.html]
[gtfobins.github.io/gtfobins/lwp-download/index.html]
[gtfobins.github.io/gtfobins/cp/index.html]
[gtfobins.github.io/gtfobins/make/index.html]
[gtfobins.github.io/gtfobins/mail/index.html]
[gtfobins.github.io/gtfobins/man/index.html]
[gtfobins.github.io/gtfobins/mawk/index.html]
[gtfobins.github.io/gtfobins/cpan/index.html]
[gtfobins.github.io/gtfobins/more/index.html]
[gtfobins.github.io/gtfobins/mount/index.html]
[gtfobins.github.io/gtfobins/mtr/index.html]
[gtfobins.github.io/gtfobins/mv/index.html]
[gtfobins.github.io/gtfobins/cpulimit/index.html]
[gtfobins.github.io/gtfobins/mysql/index.html]
[gtfobins.github.io/gtfobins/nano/index.html]
[gtfobins.github.io/gtfobins/crash/index.html]
[gtfobins.github.io/gtfobins/nawk/index.html]
[gtfobins.github.io/gtfobins/nc/index.html]
[gtfobins.github.io/gtfobins/nice/index.html]
[gtfobins.github.io/gtfobins/crontab/index.html]
[gtfobins.github.io/gtfobins/nl/index.html]
[gtfobins.github.io/gtfobins/node/index.html]
[gtfobins.github.io/gtfobins/nmap/index.html]
[gtfobins.github.io/gtfobins/nohup/index.html]
[gtfobins.github.io/gtfobins/csh/index.html]
[gtfobins.github.io/gtfobins/npm/index.html]
[gtfobins.github.io/gtfobins/nroff/index.html]
[gtfobins.github.io/gtfobins/od/index.html]
[gtfobins.github.io/gtfobins/nsenter/index.html]
[gtfobins.github.io/gtfobins/csplit/index.html]
[gtfobins.github.io/gtfobins/openssl/index.html]
[gtfobins.github.io/gtfobins/openvt/index.html]
[gtfobins.github.io/gtfobins/paste/index.html]
[gtfobins.github.io/gtfobins/pdb/index.html]
[gtfobins.github.io/gtfobins/cupsfilter/index.html]
[gtfobins.github.io/gtfobins/perl/index.html]
[gtfobins.github.io/gtfobins/pg/index.html]
[gtfobins.github.io/gtfobins/pic/index.html]
[gtfobins.github.io/gtfobins/php/index.html]
[gtfobins.github.io/gtfobins/curl/index.html]
[gtfobins.github.io/gtfobins/pico/index.html]
[gtfobins.github.io/gtfobins/pip/index.html]
[gtfobins.github.io/gtfobins/pkexec/index.html]
[gtfobins.github.io/gtfobins/pr/index.html]
[gtfobins.github.io/gtfobins/cut/index.html]
[gtfobins.github.io/gtfobins/dash/index.html]
[gtfobins.github.io/gtfobins/pry/index.html]
[gtfobins.github.io/gtfobins/date/index.html]
[gtfobins.github.io/gtfobins/psql/index.html]
[gtfobins.github.io/gtfobins/puppet/index.html]
[gtfobins.github.io/gtfobins/python/index.html]
[gtfobins.github.io/gtfobins/dd/index.html]
[gtfobins.github.io/gtfobins/rake/index.html]
[gtfobins.github.io/gtfobins/readelf/index.html]
[gtfobins.github.io/gtfobins/red/index.html]
[gtfobins.github.io/gtfobins/redcarpet/index.html]
[gtfobins.github.io/gtfobins/dialog/index.html]
[gtfobins.github.io/gtfobins/rev/index.html]
[gtfobins.github.io/gtfobins/restic/index.html]
[gtfobins.github.io/gtfobins/rlogin/index.html]
[gtfobins.github.io/gtfobins/rlwrap/index.html]
[gtfobins.github.io/gtfobins/diff/index.html]
[gtfobins.github.io/gtfobins/rpm/index.html]
[gtfobins.github.io/gtfobins/rpmquery/index.html]
[gtfobins.github.io/gtfobins/rsync/index.html]
[gtfobins.github.io/gtfobins/ruby/index.html]
[gtfobins.github.io/gtfobins/dig/index.html]
[gtfobins.github.io/gtfobins/run-mailcap/index.html]
[gtfobins.github.io/gtfobins/run-parts/index.html]
[gtfobins.github.io/gtfobins/rview/index.html]
[gtfobins.github.io/gtfobins/rvim/index.html]
[gtfobins.github.io/gtfobins/scp/index.html]
[gtfobins.github.io/gtfobins/screen/index.html]
[gtfobins.github.io/gtfobins/dmesg/index.html]
[gtfobins.github.io/gtfobins/script/index.html]
[gtfobins.github.io/gtfobins/service/index.html]
[gtfobins.github.io/gtfobins/setarch/index.html]
[gtfobins.github.io/gtfobins/sed/index.html]
[gtfobins.github.io/gtfobins/dmsetup/index.html]
[gtfobins.github.io/gtfobins/sftp/index.html]
[gtfobins.github.io/gtfobins/smbclient/index.html]
[gtfobins.github.io/gtfobins/slsh/index.html]
[gtfobins.github.io/gtfobins/shuf/index.html]
[gtfobins.github.io/gtfobins/dnf/index.html]
[gtfobins.github.io/gtfobins/socat/index.html]
[gtfobins.github.io/gtfobins/docker/index.html]
[gtfobins.github.io/gtfobins/sort/index.html]
[gtfobins.github.io/gtfobins/soelim/index.html]
[gtfobins.github.io/gtfobins/dpkg/index.html]
[gtfobins.github.io/gtfobins/split/index.html]
[gtfobins.github.io/gtfobins/easy_install/index.html]
[gtfobins.github.io/gtfobins/sqlite3/index.html]
[gtfobins.github.io/gtfobins/ss/index.html]
[gtfobins.github.io/gtfobins/eb/index.html]
[gtfobins.github.io/gtfobins/ssh/index.html]
[gtfobins.github.io/gtfobins/ssh-keyscan/index.html]
[gtfobins.github.io/gtfobins/start-stop-daemon/index.html]
[gtfobins.github.io/gtfobins/ed/index.html]
[gtfobins.github.io/gtfobins/stdbuf/index.html]
[gtfobins.github.io/gtfobins/strace/index.html]
[gtfobins.github.io/gtfobins/strings/index.html]
[gtfobins.github.io/gtfobins/emacs/index.html]
[gtfobins.github.io/gtfobins/su/index.html]
[gtfobins.github.io/gtfobins/env/index.html]
[gtfobins.github.io/gtfobins/sysctl/index.html]
[gtfobins.github.io/gtfobins/eqn/index.html]
[gtfobins.github.io/gtfobins/systemctl/index.html]
[gtfobins.github.io/gtfobins/ex/index.html]
[gtfobins.github.io/gtfobins/tac/index.html]
[gtfobins.github.io/gtfobins/exiftool/index.html]
[gtfobins.github.io/gtfobins/tail/index.html]
[gtfobins.github.io/gtfobins/expand/index.html]
[gtfobins.github.io/gtfobins/tar/index.html]
[gtfobins.github.io/gtfobins/taskset/index.html]
[gtfobins.github.io/gtfobins/tbl/index.html]
[gtfobins.github.io/gtfobins/tclsh/index.html]
[gtfobins.github.io/gtfobins/expect/index.html]
[gtfobins.github.io/gtfobins/tcpdump/index.html]
[gtfobins.github.io/gtfobins/telnet/index.html]
[gtfobins.github.io/gtfobins/tee/index.html]
[gtfobins.github.io/gtfobins/tftp/index.html]
[gtfobins.github.io/gtfobins/facter/index.html]
[gtfobins.github.io/gtfobins/time/index.html]
[gtfobins.github.io/gtfobins/timeout/index.html]
[gtfobins.github.io/gtfobins/tmux/index.html]
[gtfobins.github.io/gtfobins/top/index.html]
[gtfobins.github.io/gtfobins/file/index.html]
[gtfobins.github.io/gtfobins/troff/index.html]
[gtfobins.github.io/gtfobins/ul/index.html]
[gtfobins.github.io/gtfobins/unexpand/index.html]
[gtfobins.github.io/gtfobins/uniq/index.html]
[gtfobins.github.io/gtfobins/find/index.html]
[gtfobins.github.io/gtfobins/unshare/index.html]
[gtfobins.github.io/gtfobins/update-alternatives/index.html]
[gtfobins.github.io/gtfobins/uudecode/index.html]
[gtfobins.github.io/gtfobins/uuencode/index.html]
[gtfobins.github.io/gtfobins/finger/index.html]
[gtfobins.github.io/gtfobins/valgrind/index.html]
[gtfobins.github.io/gtfobins/vi/index.html]
[gtfobins.github.io/gtfobins/view/index.html]
[gtfobins.github.io/gtfobins/vim/index.html]
[gtfobins.github.io/gtfobins/flock/index.html]
[gtfobins.github.io/gtfobins/vimdiff/index.html]
[gtfobins.github.io/gtfobins/fmt/index.html]
[gtfobins.github.io/gtfobins/wget/index.html]
[gtfobins.github.io/gtfobins/watch/index.html]
[gtfobins.github.io/gtfobins/whois/index.html]
[gtfobins.github.io/gtfobins/wish/index.html]
[gtfobins.github.io/gtfobins/fold/index.html]
[gtfobins.github.io/gtfobins/xargs/index.html]
[gtfobins.github.io/gtfobins/xmodmap/index.html]
[gtfobins.github.io/gtfobins/xxd/index.html]
[gtfobins.github.io/gtfobins/xz/index.html]
[gtfobins.github.io/gtfobins/ftp/index.html]
[gtfobins.github.io/gtfobins/yelp/index.html]
[gtfobins.github.io/gtfobins/yum/index.html]
[gtfobins.github.io/gtfobins/zip/index.html]
[gtfobins.github.io/gtfobins/gawk/index.html]
[gtfobins.github.io/gtfobins/zsh/index.html]
[gtfobins.github.io/gtfobins/gcc/index.html]
[gtfobins.github.io/gtfobins/gdb/index.html]
[gtfobins.github.io/gtfobins/gem/index.html]
[gtfobins.github.io/gtfobins/genisoimage/index.html]
[gtfobins.github.io/gtfobins/ghc/index.html]
[gtfobins.github.io/gtfobins/ghci/index.html]
[gtfobins.github.io/gtfobins/gimp/index.html]
[gtfobins.github.io/gtfobins/git/index.html]
[gtfobins.github.io/gtfobins/grep/index.html]
[gtfobins.github.io/gtfobins/gtester/index.html]
[gtfobins.github.io/gtfobins/hd/index.html]
[gtfobins.github.io/gtfobins/head/index.html]
[gtfobins.github.io/gtfobins/hexdump/index.html]
[gtfobins.github.io/gtfobins/highlight/index.html]
[gtfobins.github.io/gtfobins/hping3/index.html]
[gtfobins.github.io/gtfobins/iconv/index.html]
[gtfobins.github.io/gtfobins/iftop/index.html]
[gtfobins.github.io/gtfobins/install/index.html]
[gtfobins.github.io/gtfobins/ionice/index.html]
[gtfobins.github.io/gtfobins/ip/index.html]
[gtfobins.github.io/gtfobins/irb/index.html]
[gtfobins.github.io/gtfobins/jjs/index.html]
[gtfobins.github.io/gtfobins/join/index.html]
[gtfobins.github.io/gtfobins/journalctl/index.html]
[gtfobins.github.io/gtfobins/jq/index.html]
[gtfobins.github.io/gtfobins/jrunscript/index.html]
[gtfobins.github.io/gtfobins/ksh/index.html]
[gtfobins.github.io/gtfobins/ksshell/index.html]
[gtfobins.github.io/gtfobins/ld.so/index.html]
[gtfobins.github.io/gtfobins/ldconfig/index.html]
[gtfobins.github.io/gtfobins/less/index.html]
[gtfobins.github.io/gtfobins/logsave/index.html]
[gtfobins.github.io/gtfobins/look/index.html]
[gtfobins.github.io/gtfobins/ltrace/index.html]
[gtfobins.github.io/gtfobins/lua/index.html]
[gtfobins.github.io/gtfobins/lwp-download/index.html]
[gtfobins.github.io/gtfobins/lwp-request/index.html]
[gtfobins.github.io/gtfobins/mail/index.html]
[gtfobins.github.io/gtfobins/make/index.html]
[gtfobins.github.io/gtfobins/man/index.html]
[gtfobins.github.io/gtfobins/mawk/index.html]
[gtfobins.github.io/gtfobins/more/index.html]
[gtfobins.github.io/gtfobins/mount/index.html]
[gtfobins.github.io/gtfobins/mtr/index.html]
[gtfobins.github.io/gtfobins/mv/index.html]
[gtfobins.github.io/gtfobins/mysql/index.html]
[gtfobins.github.io/gtfobins/nano/index.html]
[gtfobins.github.io/gtfobins/nawk/index.html]
[gtfobins.github.io/gtfobins/nc/index.html]
[gtfobins.github.io/gtfobins/nice/index.html]
[gtfobins.github.io/gtfobins/nl/index.html]
[gtfobins.github.io/gtfobins/nmap/index.html]
[gtfobins.github.io/gtfobins/node/index.html]
[gtfobins.github.io/gtfobins/nohup/index.html]
[gtfobins.github.io/gtfobins/npm/index.html]
[gtfobins.github.io/gtfobins/nroff/index.html]
[gtfobins.github.io/gtfobins/nsenter/index.html]
[gtfobins.github.io/gtfobins/od/index.html]
[gtfobins.github.io/gtfobins/openssl/index.html]
[gtfobins.github.io/gtfobins/openvt/index.html]
[gtfobins.github.io/gtfobins/paste/index.html]
[gtfobins.github.io/gtfobins/pdb/index.html]
[gtfobins.github.io/gtfobins/perl/index.html]
[gtfobins.github.io/gtfobins/pg/index.html]
[gtfobins.github.io/gtfobins/php/index.html]
[gtfobins.github.io/gtfobins/pic/index.html]
[gtfobins.github.io/gtfobins/pico/index.html]
[gtfobins.github.io/gtfobins/pip/index.html]
[gtfobins.github.io/gtfobins/pkexec/index.html]
[gtfobins.github.io/gtfobins/pr/index.html]
[gtfobins.github.io/gtfobins/pry/index.html]
[gtfobins.github.io/gtfobins/psql/index.html]
[gtfobins.github.io/gtfobins/puppet/index.html]
[gtfobins.github.io/gtfobins/python/index.html]
[gtfobins.github.io/gtfobins/rake/index.html]
[gtfobins.github.io/gtfobins/readelf/index.html]
[gtfobins.github.io/gtfobins/red/index.html]
[gtfobins.github.io/gtfobins/redcarpet/index.html]
[gtfobins.github.io/gtfobins/restic/index.html]
[gtfobins.github.io/gtfobins/rev/index.html]
[gtfobins.github.io/gtfobins/rlogin/index.html]
[gtfobins.github.io/gtfobins/rlwrap/index.html]
[gtfobins.github.io/gtfobins/rpm/index.html]
[gtfobins.github.io/gtfobins/rpmquery/index.html]
[gtfobins.github.io/gtfobins/rsync/index.html]
[gtfobins.github.io/gtfobins/ruby/index.html]
[gtfobins.github.io/gtfobins/run-mailcap/index.html]
[gtfobins.github.io/gtfobins/run-parts/index.html]
[gtfobins.github.io/gtfobins/rview/index.html]
[gtfobins.github.io/gtfobins/rvim/index.html]
[gtfobins.github.io/gtfobins/scp/index.html]
[gtfobins.github.io/gtfobins/screen/index.html]
[gtfobins.github.io/gtfobins/script/index.html]
[gtfobins.github.io/gtfobins/sed/index.html]
[gtfobins.github.io/gtfobins/service/index.html]
[gtfobins.github.io/gtfobins/setarch/index.html]
[gtfobins.github.io/gtfobins/sftp/index.html]
[gtfobins.github.io/gtfobins/shuf/index.html]
[gtfobins.github.io/gtfobins/slsh/index.html]
[gtfobins.github.io/gtfobins/smbclient/index.html]
[gtfobins.github.io/gtfobins/socat/index.html]
[gtfobins.github.io/gtfobins/soelim/index.html]
[gtfobins.github.io/gtfobins/sort/index.html]
[gtfobins.github.io/gtfobins/split/index.html]
[gtfobins.github.io/gtfobins/sqlite3/index.html]
[gtfobins.github.io/gtfobins/ss/index.html]
[gtfobins.github.io/gtfobins/ssh-keyscan/index.html]
[gtfobins.github.io/gtfobins/ssh/index.html]
[gtfobins.github.io/gtfobins/start-stop-daemon/index.html]
[gtfobins.github.io/gtfobins/stdbuf/index.html]
[gtfobins.github.io/gtfobins/strace/index.html]
[gtfobins.github.io/gtfobins/strings/index.html]
[gtfobins.github.io/gtfobins/su/index.html]
[gtfobins.github.io/gtfobins/sysctl/index.html]
[gtfobins.github.io/gtfobins/systemctl/index.html]
[gtfobins.github.io/gtfobins/tac/index.html]
[gtfobins.github.io/gtfobins/tail/index.html]
[gtfobins.github.io/gtfobins/tar/index.html]
[gtfobins.github.io/gtfobins/taskset/index.html]
[gtfobins.github.io/gtfobins/tbl/index.html]
[gtfobins.github.io/gtfobins/tclsh/index.html]
[gtfobins.github.io/gtfobins/tcpdump/index.html]
[gtfobins.github.io/gtfobins/tee/index.html]
[gtfobins.github.io/gtfobins/telnet/index.html]
[gtfobins.github.io/gtfobins/tftp/index.html]
[gtfobins.github.io/gtfobins/time/index.html]
[gtfobins.github.io/gtfobins/timeout/index.html]
[gtfobins.github.io/gtfobins/tmux/index.html]
[gtfobins.github.io/gtfobins/top/index.html]
[gtfobins.github.io/gtfobins/troff/index.html]
[gtfobins.github.io/gtfobins/ul/index.html]
[gtfobins.github.io/gtfobins/unexpand/index.html]
[gtfobins.github.io/gtfobins/uniq/index.html]
[gtfobins.github.io/gtfobins/unshare/index.html]
[gtfobins.github.io/gtfobins/update-alternatives/index.html]
[gtfobins.github.io/gtfobins/uudecode/index.html]
[gtfobins.github.io/gtfobins/uuencode/index.html]
[gtfobins.github.io/gtfobins/valgrind/index.html]
[gtfobins.github.io/gtfobins/vi/index.html]
[gtfobins.github.io/gtfobins/view/index.html]
[gtfobins.github.io/gtfobins/vim/index.html]
[gtfobins.github.io/gtfobins/vimdiff/index.html]
[gtfobins.github.io/gtfobins/watch/index.html]
[gtfobins.github.io/gtfobins/wget/index.html]
[gtfobins.github.io/gtfobins/whois/index.html]
[gtfobins.github.io/gtfobins/wish/index.html]
[gtfobins.github.io/gtfobins/xargs/index.html]
[gtfobins.github.io/gtfobins/xmodmap/index.html]
[gtfobins.github.io/gtfobins/xxd/index.html]
[gtfobins.github.io/gtfobins/xz/index.html]
[gtfobins.github.io/gtfobins/yelp/index.html]
[gtfobins.github.io/gtfobins/yum/index.html]
[gtfobins.github.io/gtfobins/zip/index.html]
[gtfobins.github.io/gtfobins/zsh/index.html]
[gtfobins.github.io/gtfobins/zsoelim/index.html]
[gtfobins.github.io/gtfobins/zypper/index.html]
[gtfobins.github.io/gtfobins/zsoelim/index.html]
[gtfobins.github.io/gtfobins/zypper/index.html]
