[lolbas-project.github.io/index.html]
[backblue.gif]
[fade.gif]
[index.html]
[lolbas-project.github.io/assets/logo.png]
[lolbas-project.github.io/assets/style.css]
[buttons.github.io/buttons.js]
[raw.githubusercontent.com/LOLBAS-Project/LOLBAS/master/Logo/LOLBAS.png]
[lolbas-project.github.io/index.html]
[lolbas-project.github.io/assets/logo.html]
[lolbas-project.github.io/lolbas/Binaries/At/index.html]
[lolbas-project.github.io/lolbas/Binaries/AppInstaller/index.html]
[lolbas-project.github.io/assets/style.css]
[lolbas-project.github.io/lolbas/Binaries/Atbroker/index.html]
[lolbas-project.github.io/lolbas/Binaries/Bash/index.html]
[lolbas-project.github.io/lolbas/Binaries/Bitsadmin/index.html]
[lolbas-project.github.io/lolbas/Binaries/Certreq/index.html]
[lolbas-project.github.io/lolbas/Binaries/Cmd/index.html]
[lolbas-project.github.io/lolbas/Binaries/Certutil/index.html]
[lolbas-project.github.io/lolbas/Binaries/Cmdkey/index.html]
[lolbas-project.github.io/lolbas/Binaries/Cmstp/index.html]
[lolbas-project.github.io/lolbas/Binaries/ConfigSecurityPolicy/index.html]
[lolbas-project.github.io/lolbas/Binaries/Control/index.html]
[lolbas-project.github.io/lolbas/Binaries/Csc/index.html]
[lolbas-project.github.io/lolbas/Binaries/Cscript/index.html]
[lolbas-project.github.io/lolbas/Binaries/DataSvcUtil/index.html]
[lolbas-project.github.io/lolbas/Binaries/Desktopimgdownldr/index.html]
[lolbas-project.github.io/lolbas/Binaries/Dfsvc/index.html]
[lolbas-project.github.io/lolbas/Binaries/Diantz/index.html]
[lolbas-project.github.io/lolbas/Binaries/Diskshadow/index.html]
[lolbas-project.github.io/lolbas/Binaries/Dllhost/index.html]
[lolbas-project.github.io/lolbas/Binaries/Dnscmd/index.html]
[lolbas-project.github.io/lolbas/Binaries/Eventvwr/index.html]
[lolbas-project.github.io/lolbas/Binaries/Esentutl/index.html]
[lolbas-project.github.io/lolbas/Binaries/Expand/index.html]
[lolbas-project.github.io/lolbas/Binaries/Explorer/index.html]
[lolbas-project.github.io/lolbas/Binaries/Extexport/index.html]
[lolbas-project.github.io/lolbas/Binaries/Extrac32/index.html]
[lolbas-project.github.io/lolbas/Binaries/Findstr/index.html]
[lolbas-project.github.io/lolbas/Binaries/Forfiles/index.html]
[lolbas-project.github.io/lolbas/Binaries/Ftp/index.html]
[lolbas-project.github.io/lolbas/Binaries/GfxDownloadWrapper/index.html]
[lolbas-project.github.io/lolbas/Binaries/Gpscript/index.html]
[lolbas-project.github.io/lolbas/Binaries/Hh/index.html]
[lolbas-project.github.io/lolbas/Binaries/Ie4uinit/index.html]
[lolbas-project.github.io/lolbas/Binaries/Ieexec/index.html]
[lolbas-project.github.io/lolbas/Binaries/Ilasm/index.html]
[lolbas-project.github.io/lolbas/Binaries/Infdefaultinstall/index.html]
[lolbas-project.github.io/lolbas/Binaries/Installutil/index.html]
[lolbas-project.github.io/lolbas/Binaries/Jsc/index.html]
[lolbas-project.github.io/lolbas/Binaries/Makecab/index.html]
[lolbas-project.github.io/lolbas/Binaries/Mavinject/index.html]
[lolbas-project.github.io/lolbas/Binaries/Microsoft.Workflow.Compiler/index.html]
[lolbas-project.github.io/lolbas/Binaries/Mmc/index.html]
[lolbas-project.github.io/lolbas/Binaries/MpCmdRun/index.html]
[lolbas-project.github.io/lolbas/Binaries/Msbuild/index.html]
[lolbas-project.github.io/lolbas/Binaries/Msconfig/index.html]
[lolbas-project.github.io/lolbas/Binaries/Msdt/index.html]
[lolbas-project.github.io/lolbas/Binaries/Mshta/index.html]
[lolbas-project.github.io/lolbas/Binaries/Msiexec/index.html]
[lolbas-project.github.io/lolbas/Binaries/Netsh/index.html]
[lolbas-project.github.io/lolbas/Binaries/Odbcconf/index.html]
[lolbas-project.github.io/lolbas/Binaries/Pcalua/index.html]
[lolbas-project.github.io/lolbas/Binaries/Pcwrun/index.html]
[lolbas-project.github.io/lolbas/Binaries/Pktmon/index.html]
[lolbas-project.github.io/lolbas/Binaries/Pnputil/index.html]
[lolbas-project.github.io/lolbas/Binaries/Presentationhost/index.html]
[lolbas-project.github.io/lolbas/Binaries/Print/index.html]
[lolbas-project.github.io/lolbas/Binaries/Psr/index.html]
[lolbas-project.github.io/lolbas/Binaries/Rasautou/index.html]
[lolbas-project.github.io/lolbas/Binaries/Reg/index.html]
[lolbas-project.github.io/lolbas/Binaries/Regasm/index.html]
[lolbas-project.github.io/lolbas/Binaries/AppInstaller/index.html]
[lolbas-project.github.io/lolbas/Binaries/Regedit/index.html]
[lolbas-project.github.io/lolbas/Binaries/At/index.html]
[lolbas-project.github.io/lolbas/Binaries/Regini/index.html]
[lolbas-project.github.io/lolbas/Binaries/Register-cimprovider/index.html]
[lolbas-project.github.io/lolbas/Binaries/Regsvcs/index.html]
[lolbas-project.github.io/lolbas/Binaries/Atbroker/index.html]
[lolbas-project.github.io/lolbas/Binaries/Regsvr32/index.html]
[lolbas-project.github.io/lolbas/Binaries/Replace/index.html]
[lolbas-project.github.io/lolbas/Binaries/Bash/index.html]
[lolbas-project.github.io/lolbas/Binaries/Rpcping/index.html]
[lolbas-project.github.io/lolbas/Binaries/Rundll32/index.html]
[lolbas-project.github.io/lolbas/Binaries/Runscripthelper/index.html]
[lolbas-project.github.io/lolbas/Binaries/Runonce/index.html]
[lolbas-project.github.io/lolbas/Binaries/Sc/index.html]
[lolbas-project.github.io/lolbas/Binaries/Bitsadmin/index.html]
[lolbas-project.github.io/lolbas/Binaries/Schtasks/index.html]
[lolbas-project.github.io/lolbas/Binaries/Certreq/index.html]
[lolbas-project.github.io/lolbas/Binaries/Scriptrunner/index.html]
[lolbas-project.github.io/lolbas/Binaries/Certutil/index.html]
[lolbas-project.github.io/lolbas/Binaries/Syncappvpublishingserver/index.html]
[lolbas-project.github.io/lolbas/Binaries/Cmd/index.html]
[lolbas-project.github.io/lolbas/Binaries/Ttdinject/index.html]
[lolbas-project.github.io/lolbas/Binaries/Tttracer/index.html]
[lolbas-project.github.io/lolbas/Binaries/Cmdkey/index.html]
[lolbas-project.github.io/lolbas/Binaries/Vbc/index.html]
[lolbas-project.github.io/lolbas/Binaries/Verclsid/index.html]
[lolbas-project.github.io/lolbas/Binaries/Wab/index.html]
[lolbas-project.github.io/lolbas/Binaries/Cmstp/index.html]
[lolbas-project.github.io/lolbas/Binaries/Wsreset/index.html]
[lolbas-project.github.io/lolbas/Binaries/Wscript/index.html]
[lolbas-project.github.io/lolbas/Binaries/Wmic/index.html]
[lolbas-project.github.io/lolbas/Binaries/ConfigSecurityPolicy/index.html]
[lolbas-project.github.io/lolbas/Binaries/Wuauclt/index.html]
[lolbas-project.github.io/lolbas/Binaries/Xwizard/index.html]
[lolbas-project.github.io/lolbas/Libraries/Advpack/index.html]
[lolbas-project.github.io/lolbas/Libraries/Comsvcs/index.html]
[lolbas-project.github.io/lolbas/Binaries/Control/index.html]
[lolbas-project.github.io/lolbas/Libraries/Ieadvpack/index.html]
[lolbas-project.github.io/lolbas/Libraries/Ieframe/index.html]
[lolbas-project.github.io/lolbas/Libraries/Mshtml/index.html]
[lolbas-project.github.io/lolbas/Libraries/Pcwutl/index.html]
[lolbas-project.github.io/lolbas/Binaries/Csc/index.html]
[lolbas-project.github.io/lolbas/Libraries/Setupapi/index.html]
[lolbas-project.github.io/lolbas/Libraries/Shdocvw/index.html]
[lolbas-project.github.io/lolbas/Libraries/Shell32/index.html]
[lolbas-project.github.io/lolbas/Libraries/Syssetup/index.html]
[lolbas-project.github.io/lolbas/Binaries/Cscript/index.html]
[lolbas-project.github.io/lolbas/Libraries/Url/index.html]
[lolbas-project.github.io/lolbas/OtherMSBinaries/Agentexecutor/index.html]
[lolbas-project.github.io/lolbas/Libraries/Zipfldr/index.html]
[lolbas-project.github.io/lolbas/OtherMSBinaries/Adplus/index.html]
[lolbas-project.github.io/lolbas/Binaries/DataSvcUtil/index.html]
[lolbas-project.github.io/lolbas/OtherMSBinaries/Appvlp/index.html]
[lolbas-project.github.io/lolbas/OtherMSBinaries/Bginfo/index.html]
[lolbas-project.github.io/lolbas/OtherMSBinaries/Cdb/index.html]
[lolbas-project.github.io/lolbas/OtherMSBinaries/Coregen/index.html]
[lolbas-project.github.io/lolbas/Binaries/Desktopimgdownldr/index.html]
[lolbas-project.github.io/lolbas/OtherMSBinaries/Csi/index.html]
[lolbas-project.github.io/lolbas/Binaries/Dfsvc/index.html]
[lolbas-project.github.io/lolbas/OtherMSBinaries/Dnx/index.html]
[lolbas-project.github.io/lolbas/OtherMSBinaries/DefaultPack/index.html]
[lolbas-project.github.io/lolbas/OtherMSBinaries/Devtoolslauncher/index.html]
[lolbas-project.github.io/lolbas/Binaries/Diantz/index.html]
[lolbas-project.github.io/lolbas/OtherMSBinaries/Dotnet/index.html]
[lolbas-project.github.io/lolbas/OtherMSBinaries/Dxcap/index.html]
[lolbas-project.github.io/lolbas/OtherMSBinaries/Excel/index.html]
[lolbas-project.github.io/lolbas/OtherMSBinaries/Mftrace/index.html]
[lolbas-project.github.io/lolbas/Binaries/Diskshadow/index.html]
[lolbas-project.github.io/lolbas/OtherMSBinaries/Msdeploy/index.html]
[lolbas-project.github.io/lolbas/OtherMSBinaries/Msxsl/index.html]
[lolbas-project.github.io/lolbas/Binaries/Dllhost/index.html]
[lolbas-project.github.io/lolbas/OtherMSBinaries/Powerpnt/index.html]
[lolbas-project.github.io/lolbas/OtherMSBinaries/Ntdsutil/index.html]
[lolbas-project.github.io/lolbas/OtherMSBinaries/Rcsi/index.html]
[lolbas-project.github.io/lolbas/OtherMSBinaries/Remote/index.html]
[lolbas-project.github.io/lolbas/Binaries/Dnscmd/index.html]
[lolbas-project.github.io/lolbas/OtherMSBinaries/Sqldumper/index.html]
[lolbas-project.github.io/lolbas/OtherMSBinaries/Sqlps/index.html]
[lolbas-project.github.io/lolbas/OtherMSBinaries/Sqltoolsps/index.html]
[lolbas-project.github.io/lolbas/OtherMSBinaries/Squirrel/index.html]
[lolbas-project.github.io/lolbas/Binaries/Esentutl/index.html]
[lolbas-project.github.io/lolbas/OtherMSBinaries/Te/index.html]
[lolbas-project.github.io/lolbas/OtherMSBinaries/Tracker/index.html]
[lolbas-project.github.io/lolbas/OtherMSBinaries/Update/index.html]
[lolbas-project.github.io/lolbas/Binaries/Eventvwr/index.html]
[lolbas-project.github.io/lolbas/OtherMSBinaries/Vsjitdebugger/index.html]
[lolbas-project.github.io/lolbas/OtherMSBinaries/Winword/index.html]
[lolbas-project.github.io/lolbas/OtherMSBinaries/Wsl/index.html]
[lolbas-project.github.io/lolbas/Scripts/CL_mutexverifiers/index.html]
[lolbas-project.github.io/lolbas/Binaries/Expand/index.html]
[lolbas-project.github.io/lolbas/Scripts/Manage-bde/index.html]
[lolbas-project.github.io/lolbas/Scripts/Cl_invocation/index.html]
[lolbas-project.github.io/lolbas/Scripts/Pubprn/index.html]
[lolbas-project.github.io/lolbas/Scripts/Slmgr/index.html]
[lolbas-project.github.io/lolbas/Binaries/Explorer/index.html]
[lolbas-project.github.io/lolbas/Binaries/Extexport/index.html]
[lolbas-project.github.io/lolbas/Binaries/Extrac32/index.html]
[lolbas-project.github.io/lolbas/Binaries/Findstr/index.html]
[lolbas-project.github.io/lolbas/Binaries/Forfiles/index.html]
[lolbas-project.github.io/lolbas/Binaries/Ftp/index.html]
[lolbas-project.github.io/lolbas/Binaries/GfxDownloadWrapper/index.html]
[lolbas-project.github.io/lolbas/Binaries/Gpscript/index.html]
[lolbas-project.github.io/lolbas/Binaries/Hh/index.html]
[lolbas-project.github.io/lolbas/Binaries/Ie4uinit/index.html]
[lolbas-project.github.io/lolbas/Binaries/Ieexec/index.html]
[lolbas-project.github.io/lolbas/Binaries/Ilasm/index.html]
[lolbas-project.github.io/lolbas/Binaries/Infdefaultinstall/index.html]
[lolbas-project.github.io/lolbas/Binaries/Installutil/index.html]
[lolbas-project.github.io/lolbas/Binaries/Jsc/index.html]
[lolbas-project.github.io/lolbas/Binaries/Makecab/index.html]
[lolbas-project.github.io/lolbas/Binaries/Mavinject/index.html]
[lolbas-project.github.io/lolbas/Binaries/Microsoft.Workflow.Compiler/index.html]
[lolbas-project.github.io/lolbas/Binaries/Mmc/index.html]
[lolbas-project.github.io/lolbas/Binaries/MpCmdRun/index.html]
[lolbas-project.github.io/lolbas/Binaries/Msbuild/index.html]
[lolbas-project.github.io/lolbas/Binaries/Msconfig/index.html]
[lolbas-project.github.io/lolbas/Binaries/Msdt/index.html]
[lolbas-project.github.io/lolbas/Binaries/Mshta/index.html]
[lolbas-project.github.io/lolbas/Binaries/Msiexec/index.html]
[lolbas-project.github.io/lolbas/Binaries/Netsh/index.html]
[lolbas-project.github.io/lolbas/Binaries/Odbcconf/index.html]
[lolbas-project.github.io/lolbas/Binaries/Pcalua/index.html]
[lolbas-project.github.io/lolbas/Binaries/Pcwrun/index.html]
[lolbas-project.github.io/lolbas/Binaries/Pktmon/index.html]
[lolbas-project.github.io/lolbas/Binaries/Pnputil/index.html]
[lolbas-project.github.io/lolbas/Binaries/Presentationhost/index.html]
[lolbas-project.github.io/lolbas/Binaries/Print/index.html]
[lolbas-project.github.io/lolbas/Binaries/Psr/index.html]
[lolbas-project.github.io/lolbas/Binaries/Rasautou/index.html]
[lolbas-project.github.io/lolbas/Binaries/Reg/index.html]
[lolbas-project.github.io/lolbas/Binaries/Regasm/index.html]
[lolbas-project.github.io/lolbas/Binaries/Regedit/index.html]
[lolbas-project.github.io/lolbas/Binaries/Regini/index.html]
[lolbas-project.github.io/lolbas/Binaries/Register-cimprovider/index.html]
[lolbas-project.github.io/lolbas/Binaries/Regsvcs/index.html]
[lolbas-project.github.io/lolbas/Binaries/Regsvr32/index.html]
[lolbas-project.github.io/lolbas/Binaries/Replace/index.html]
[lolbas-project.github.io/lolbas/Binaries/Rpcping/index.html]
[lolbas-project.github.io/lolbas/Binaries/Rundll32/index.html]
[lolbas-project.github.io/lolbas/Binaries/Runonce/index.html]
[lolbas-project.github.io/lolbas/Binaries/Runscripthelper/index.html]
[lolbas-project.github.io/lolbas/Binaries/Sc/index.html]
[lolbas-project.github.io/lolbas/Binaries/Schtasks/index.html]
[lolbas-project.github.io/lolbas/Binaries/Scriptrunner/index.html]
[lolbas-project.github.io/lolbas/Binaries/Syncappvpublishingserver/index.html]
[lolbas-project.github.io/lolbas/Binaries/Ttdinject/index.html]
[lolbas-project.github.io/lolbas/Binaries/Tttracer/index.html]
[lolbas-project.github.io/lolbas/Binaries/Vbc/index.html]
[lolbas-project.github.io/lolbas/Binaries/Verclsid/index.html]
[lolbas-project.github.io/lolbas/Binaries/Wab/index.html]
[lolbas-project.github.io/lolbas/Binaries/Wmic/index.html]
[lolbas-project.github.io/lolbas/Binaries/Wscript/index.html]
[lolbas-project.github.io/lolbas/Binaries/Wsreset/index.html]
[lolbas-project.github.io/lolbas/Binaries/Wuauclt/index.html]
[lolbas-project.github.io/lolbas/Binaries/Xwizard/index.html]
[lolbas-project.github.io/lolbas/Libraries/Advpack/index.html]
[lolbas-project.github.io/lolbas/Libraries/Comsvcs/index.html]
[lolbas-project.github.io/lolbas/Libraries/Ieadvpack/index.html]
[lolbas-project.github.io/lolbas/Libraries/Ieframe/index.html]
[lolbas-project.github.io/lolbas/Libraries/Mshtml/index.html]
[lolbas-project.github.io/lolbas/Libraries/Pcwutl/index.html]
[lolbas-project.github.io/lolbas/Libraries/Setupapi/index.html]
[lolbas-project.github.io/lolbas/Libraries/Shdocvw/index.html]
[lolbas-project.github.io/lolbas/Libraries/Shell32/index.html]
[lolbas-project.github.io/lolbas/Libraries/Syssetup/index.html]
[lolbas-project.github.io/lolbas/Libraries/Url/index.html]
[lolbas-project.github.io/lolbas/Libraries/Zipfldr/index.html]
[lolbas-project.github.io/lolbas/OtherMSBinaries/Adplus/index.html]
[lolbas-project.github.io/lolbas/OtherMSBinaries/Agentexecutor/index.html]
[lolbas-project.github.io/lolbas/OtherMSBinaries/Appvlp/index.html]
[lolbas-project.github.io/lolbas/OtherMSBinaries/Bginfo/index.html]
[lolbas-project.github.io/lolbas/OtherMSBinaries/Cdb/index.html]
[lolbas-project.github.io/lolbas/OtherMSBinaries/Coregen/index.html]
[lolbas-project.github.io/lolbas/OtherMSBinaries/Csi/index.html]
[lolbas-project.github.io/lolbas/OtherMSBinaries/DefaultPack/index.html]
[lolbas-project.github.io/lolbas/OtherMSBinaries/Devtoolslauncher/index.html]
[lolbas-project.github.io/lolbas/OtherMSBinaries/Dnx/index.html]
[lolbas-project.github.io/lolbas/OtherMSBinaries/Dotnet/index.html]
[lolbas-project.github.io/lolbas/OtherMSBinaries/Dxcap/index.html]
[lolbas-project.github.io/lolbas/OtherMSBinaries/Excel/index.html]
[lolbas-project.github.io/lolbas/OtherMSBinaries/Mftrace/index.html]
[lolbas-project.github.io/lolbas/OtherMSBinaries/Msdeploy/index.html]
[lolbas-project.github.io/lolbas/OtherMSBinaries/Msxsl/index.html]
[lolbas-project.github.io/lolbas/OtherMSBinaries/Ntdsutil/index.html]
[lolbas-project.github.io/lolbas/OtherMSBinaries/Powerpnt/index.html]
[lolbas-project.github.io/lolbas/OtherMSBinaries/Rcsi/index.html]
[lolbas-project.github.io/lolbas/OtherMSBinaries/Remote/index.html]
[lolbas-project.github.io/lolbas/OtherMSBinaries/Sqldumper/index.html]
[lolbas-project.github.io/lolbas/OtherMSBinaries/Sqlps/index.html]
[lolbas-project.github.io/lolbas/OtherMSBinaries/Sqltoolsps/index.html]
[lolbas-project.github.io/lolbas/OtherMSBinaries/Squirrel/index.html]
[lolbas-project.github.io/lolbas/OtherMSBinaries/Te/index.html]
[lolbas-project.github.io/lolbas/OtherMSBinaries/Tracker/index.html]
[lolbas-project.github.io/lolbas/OtherMSBinaries/Update/index.html]
[lolbas-project.github.io/lolbas/OtherMSBinaries/Vsjitdebugger/index.html]
[lolbas-project.github.io/lolbas/OtherMSBinaries/Winword/index.html]
[lolbas-project.github.io/lolbas/OtherMSBinaries/Wsl/index.html]
[lolbas-project.github.io/lolbas/Scripts/CL_mutexverifiers/index.html]
[lolbas-project.github.io/lolbas/Scripts/Cl_invocation/index.html]
[lolbas-project.github.io/lolbas/Scripts/Manage-bde/index.html]
[lolbas-project.github.io/lolbas/Scripts/Pubprn/index.html]
[lolbas-project.github.io/lolbas/Scripts/Slmgr/index.html]
[lolbas-project.github.io/lolbas/Scripts/Syncappvpublishingserver/index.html]
[lolbas-project.github.io/lolbas/Scripts/Winrm/index.html]
[lolbas-project.github.io/lolbas/Scripts/pester/index.html]
[lolbas-project.github.io/lolbas/Scripts/Syncappvpublishingserver/index.html]
[lolbas-project.github.io/lolbas/Scripts/Winrm/index.html]
[lolbas-project.github.io/lolbas/Scripts/pester/index.html]
